[2026-03-12 18:03:12.375] [info] Using configuration file .config/waybar/config.json
[2026-03-12 18:03:12.380] [info] Discovered appearance 'dark'
[2026-03-12 18:03:12.414] [info] Using CSS file /home/ton3s/.config/waybar/style.css
[2026-03-12 18:03:12.441] [info] Hyprland IPC starting
[2026-03-12 18:03:12.442] [info] Loading persistent workspaces from Hyprland workspace rules
Charging
[2026-03-12 18:03:12.509] [info] Bar configured (width: 1910, height: 35) for output: eDP-1

** (waybar:425672): WARNING **: 18:03:12.510: Status Notifier Item with bus name ':1.19' and object path '/org/ayatana/NotificationItem/nm_applet' is already registered
[2026-03-12 23:27:44.084] [info] Using configuration file .config/waybar/config.json
[2026-03-12 23:27:44.089] [info] Discovered appearance 'dark'
[2026-03-12 23:27:44.127] [info] Using CSS file /home/ton3s/.config/waybar/style.css
[2026-03-12 23:27:44.151] [info] Hyprland IPC starting
[2026-03-12 23:27:44.153] [info] Loading persistent workspaces from Hyprland workspace rules
Not charging
[2026-03-12 23:27:44.178] [warning] Requested height: 20 is less than the minimum height: 21 required by the modules
[2026-03-12 23:27:44.178] [info] Bar configured (width: 1910, height: 21) for output: eDP-1

** (waybar:323166): WARNING **: 23:27:44.231: Status Notifier Item with bus name ':1.18' and object path '/org/ayatana/NotificationItem/nm_applet' is already registered
[2026-03-12 23:27:44.237] [warning] Requested height: 21 is less than the minimum height: 26 required by the modules
[2026-03-12 23:27:44.237] [info] Bar configured (width: 1910, height: 26) for output: eDP-1
[2026-03-12 23:27:44.260] [warning] Requested height: 26 is less than the minimum height: 29 required by the modules
[2026-03-12 23:27:44.260] [info] Bar configured (width: 1910, height: 29) for output: eDP-1
[2026-03-12 23:27:44.285] [warning] Requested height: 29 is less than the minimum height: 30 required by the modules
[2026-03-12 23:27:44.285] [info] Bar configured (width: 1910, height: 30) for output: eDP-1
[2026-03-12 23:27:44.319] [warning] Requested height: 30 is less than the minimum height: 31 required by the modules
[2026-03-12 23:27:44.319] [info] Bar configured (width: 1910, height: 31) for output: eDP-1
[2026-03-12 23:27:44.354] [warning] Requested height: 31 is less than the minimum height: 33 required by the modules
[2026-03-12 23:27:44.354] [info] Bar configured (width: 1910, height: 33) for output: eDP-1
[2026-03-12 23:28:09.164] [info] Using configuration file .config/waybar/config.json
[2026-03-12 23:28:09.167] [info] Discovered appearance 'dark'
[2026-03-12 23:28:09.203] [info] Using CSS file /home/ton3s/.config/waybar/style.css
[2026-03-12 23:28:09.229] [info] Hyprland IPC starting
[2026-03-12 23:28:09.230] [info] Loading persistent workspaces from Hyprland workspace rules
Not charging
[2026-03-12 23:28:09.264] [warning] Requested height: 20 is less than the minimum height: 21 required by the modules
[2026-03-12 23:28:09.264] [info] Bar configured (width: 1900, height: 21) for output: eDP-1

** (waybar:323843): WARNING **: 23:28:09.272: Status Notifier Item with bus name ':1.18' and object path '/org/ayatana/NotificationItem/nm_applet' is already registered
[2026-03-12 23:28:09.328] [warning] Requested height: 21 is less than the minimum height: 26 required by the modules
[2026-03-12 23:28:09.328] [info] Bar configured (width: 1900, height: 26) for output: eDP-1
[2026-03-12 23:28:09.328] [error] Item '': No icon name or pixmap given.
[2026-03-12 23:28:09.353] [warning] Requested height: 26 is less than the minimum height: 29 required by the modules
[2026-03-12 23:28:09.353] [info] Bar configured (width: 1900, height: 29) for output: eDP-1
[2026-03-12 23:28:09.369] [warning] Requested height: 29 is less than the minimum height: 30 required by the modules
[2026-03-12 23:28:09.369] [info] Bar configured (width: 1900, height: 30) for output: eDP-1
[2026-03-12 23:28:09.402] [warning] Requested height: 30 is less than the minimum height: 31 required by the modules
[2026-03-12 23:28:09.402] [info] Bar configured (width: 1900, height: 31) for output: eDP-1
[2026-03-12 23:28:09.436] [warning] Requested height: 31 is less than the minimum height: 33 required by the modules
[2026-03-12 23:28:09.436] [info] Bar configured (width: 1900, height: 33) for output: eDP-1
[2026-03-12 23:28:32.386] [info] Using configuration file .config/waybar/config.json
[2026-03-12 23:28:32.389] [info] Discovered appearance 'dark'
[2026-03-12 23:28:32.412] [info] Using CSS file /home/ton3s/.config/waybar/style.css
[2026-03-12 23:28:32.431] [info] Hyprland IPC starting
[2026-03-12 23:28:32.433] [info] Loading persistent workspaces from Hyprland workspace rules
Not charging
[2026-03-12 23:28:32.447] [warning] Requested height: 20 is less than the minimum height: 21 required by the modules
[2026-03-12 23:28:32.447] [info] Bar configured (width: 1900, height: 21) for output: eDP-1

** (waybar:324529): WARNING **: 23:28:32.449: Status Notifier Item with bus name ':1.18' and object path '/org/ayatana/NotificationItem/nm_applet' is already registered
[2026-03-12 23:28:32.492] [warning] Requested height: 21 is less than the minimum height: 25 required by the modules
[2026-03-12 23:28:32.493] [info] Bar configured (width: 1900, height: 25) for output: eDP-1
[2026-03-12 23:28:32.511] [warning] Requested height: 25 is less than the minimum height: 26 required by the modules
[2026-03-12 23:28:32.511] [info] Bar configured (width: 1900, height: 26) for output: eDP-1
[2026-03-12 23:28:32.517] [warning] Requested height: 26 is less than the minimum height: 27 required by the modules
[2026-03-12 23:28:32.517] [info] Bar configured (width: 1900, height: 27) for output: eDP-1
[2026-03-12 23:28:32.534] [warning] Requested height: 27 is less than the minimum height: 29 required by the modules
[2026-03-12 23:28:32.534] [info] Bar configured (width: 1900, height: 29) for output: eDP-1
[2026-03-12 23:28:32.551] [warning] Requested height: 29 is less than the minimum height: 30 required by the modules
[2026-03-12 23:28:32.551] [info] Bar configured (width: 1900, height: 30) for output: eDP-1
[2026-03-12 23:28:32.584] [warning] Requested height: 30 is less than the minimum height: 31 required by the modules
[2026-03-12 23:28:32.584] [info] Bar configured (width: 1900, height: 31) for output: eDP-1
[2026-03-12 23:28:32.618] [warning] Requested height: 31 is less than the minimum height: 32 required by the modules
[2026-03-12 23:28:32.618] [info] Bar configured (width: 1900, height: 32) for output: eDP-1
[2026-03-12 23:28:32.635] [warning] Requested height: 32 is less than the minimum height: 33 required by the modules
[2026-03-12 23:28:32.635] [info] Bar configured (width: 1900, height: 33) for output: eDP-1
[2026-03-12 23:28:43.022] [info] Using configuration file .config/waybar/config.json
[2026-03-12 23:28:43.026] [info] Discovered appearance 'dark'
[2026-03-12 23:28:43.061] [info] Using CSS file /home/ton3s/.config/waybar/style.css
[2026-03-12 23:28:43.089] [info] Hyprland IPC starting
[2026-03-12 23:28:43.090] [info] Loading persistent workspaces from Hyprland workspace rules
Not charging
[2026-03-12 23:28:43.124] [warning] Requested height: 20 is less than the minimum height: 21 required by the modules
[2026-03-12 23:28:43.124] [info] Bar configured (width: 1900, height: 21) for output: eDP-1

** (waybar:324966): WARNING **: 23:28:43.186: Status Notifier Item with bus name ':1.18' and object path '/org/ayatana/NotificationItem/nm_applet' is already registered
[2026-03-12 23:28:43.193] [warning] Requested height: 21 is less than the minimum height: 27 required by the modules
[2026-03-12 23:28:43.193] [info] Bar configured (width: 1900, height: 27) for output: eDP-1
[2026-03-12 23:28:43.219] [warning] Requested height: 27 is less than the minimum height: 29 required by the modules
[2026-03-12 23:28:43.219] [info] Bar configured (width: 1900, height: 29) for output: eDP-1
[2026-03-12 23:28:43.235] [warning] Requested height: 29 is less than the minimum height: 30 required by the modules
[2026-03-12 23:28:43.235] [info] Bar configured (width: 1900, height: 30) for output: eDP-1
[2026-03-12 23:28:43.251] [warning] Requested height: 30 is less than the minimum height: 31 required by the modules
[2026-03-12 23:28:43.251] [info] Bar configured (width: 1900, height: 31) for output: eDP-1
[2026-03-12 23:28:43.285] [warning] Requested height: 31 is less than the minimum height: 32 required by the modules
[2026-03-12 23:28:43.285] [info] Bar configured (width: 1900, height: 32) for output: eDP-1
[2026-03-12 23:28:43.301] [warning] Requested height: 32 is less than the minimum height: 33 required by the modules
[2026-03-12 23:28:43.301] [info] Bar configured (width: 1900, height: 33) for output: eDP-1
